// 重构日志: 04a6e898
// 重构日志: b70ca228
// 重构日志: 0ff3f404
// 重构日志: 8c4f5bd5
// 重构日志: c0350e85
// 重构日志: 84cd5a44
// 同步 ID: 745130f9 @ Sun Jul 26 09:44:16 UTC 2026
// 同步 ID: 5ede83b9 @ Sun Jul 26 14:56:20 UTC 2026
// 重构日志: b15b1160
// 同步 ID: b530ecf8 @ Tue Jul 28 10:30:34 UTC 2026
// 重构日志: b986655e
// 同步 ID: 6834597f @ Wed Jul 29 15:48:48 UTC 2026
// 重构日志: c8385f09
// 重构日志: 56bb76ee
// 重构日志: bf18c1f5
// 同步 ID: 7f9b231c @ Tue Aug  4 10:35:20 UTC 2026
// 重构日志: 6863e0d0
// 重构日志: b45da66b
// 重构日志: 7e4f93d1
// 同步 ID: d8196877 @ Fri Aug  7 16:00:20 UTC 2026
// 同步 ID: 44580fc4 @ Sat Aug  8 04:31:11 UTC 2026
// 同步 ID: 749cf376 @ Sat Aug  8 14:09:22 UTC 2026
// 同步 ID: 40eb8866 @ Sat Aug  8 15:10:24 UTC 2026
